Invalid readback
dup a b = ...; {{a {... ...}} ...}