---
source: tests/golden_tests.rs
input_file: tests/golden_tests/compile_file_o_all/tagged_lam.hvm
---
Errors:
In tests/golden_tests/compile_file_o_all/tagged_lam.hvm :
Tagged terms not supported for hvm32.
[0m  1 | main =[4m[31m [0m#foo ((#foo @x (+ x 1), #foo @x (* x x)) 2)[0m
