---
source: tests/golden_tests.rs
input_file: tests/golden_tests/compile_file/snd.hvm
---
@6 = ([* a] a)
@main = a
& @6 ~ ([#0 #42] a)

