---
source: tests/golden_tests.rs
input_file: tests/golden_tests/compile_file_o_all/match_tup.hvm
---
@7 = ([<+ a b> a] b)
@main = a
& @7 ~ ([#7 #3] a)

