---
source: tests/golden_tests.rs
input_file: tests/golden_tests/compile_file_o_all/fst_fst.hvm
---
@FstFst = ((a *) ((b *) (a b)))

@main = a
  & @FstFst ~ ((#49 #145) ((#65 #193) a))
