---
source: tests/golden_tests.rs
input_file: tests/golden_tests/compile_file/unbound_unscoped_var.hvm
---
Errors:
In definition 'main':
  Unbound unscoped variable '$a'.
