---
source: tests/golden_tests.rs
input_file: tests/golden_tests/compile_file/just_data.hvm
---
At tests/golden_tests/compile_file/just_data.hvm:1:5: found end of input expected <Name>
[0m 1 | data[0m
