---
source: tests/golden_tests.rs
input_file: tests/golden_tests/compile_file_o_all/weekday.bend
---
@Weekday/Saturday = (* (* (* (* (* (a (* a)))))))

@main = b
  & (a a) ~ (@Weekday/Saturday b)
