---
source: tests/golden_tests.rs
input_file: tests/golden_tests/compile_file/inlining.hvm
---
@Era = *

@Num = #673

@RefToRef = @Era

@main = a
  & @Era ~ (@Num (@RefToRef a))
