---
source: tests/golden_tests.rs
input_file: tests/golden_tests/desugar_file/deref_loop.bend
---
(foo) = λa (a λb b foo__C0)

(bar) = (foo 1)

(main) = (foo 0)

(nat/succ) = λa λb λ* (b a)

(nat/zero) = λ* λa a

(foo__C0) = (bar 0)
