---
source: tests/golden_tests.rs
input_file: tests/golden_tests/desugar_file/switch_with_use.bend
---
(main) = λa λb λc λ* λ* (switch c { 0: λd d; _: main__C0; } (a b))

(main__C0) = λa λb (a b)
