---
source: tests/golden_tests.rs
input_file: tests/golden_tests/encode_pattern_match/adt_tup_era.bend
---
(Foo) = λa (a λb λc (b λd λ* λ* d c))

(Main) = (Foo (Tuple/Pair 1 5))

(Tuple/Pair) = λa λb λc (c a b)
