---
source: tests/golden_tests.rs
expression: result
---
Invalid readback:
*
