---
source: tests/golden_tests.rs
expression: result
---
File has no 'main' definition
