---
source: tests/golden_tests.rs
expression: result
---
[[#1 #4] [#2 #3]]
