---
source: tests/golden_tests.rs
expression: result
---
Unbound variable 'a'
