---
source: tests/golden_tests.rs
input_file: tests/golden_tests/readback_lnet/simple_tup.hvm
---
{0 42}
