---
source: tests/golden_tests.rs
input_file: tests/golden_tests/readback_lnet/tup_add.bend
---
(+ 1 2)
