---
source: tests/golden_tests.rs
input_file: tests/golden_tests/run_single_files/sup_app.hvm
---
{3 3}
