---
source: tests/golden_tests.rs
input_file: tests/golden_tests/run_file/scopeless_discard.bend
---
{2 *}
