---
source: tests/golden_tests.rs
input_file: tests/golden_tests/run_file/nested_str.bend
---
λa λb λc λd λ* (d "ab" λg λ* (g "cd" ""))
