---
source: tests/golden_tests.rs
input_file: tests/golden_tests/run_lazy/sup_reconstruction.hvm
---
Î»a a
