---
source: tests/golden_tests.rs
input_file: tests/golden_tests/run_file/readback_list_other_ctr.bend
---
λa λ* (a λb λ* (b 97 λc (c 98 "c")) λe λ* (e 1 λf (f 2 [3, 4])))
