---
source: tests/golden_tests.rs
input_file: tests/golden_tests/run_file/match.hvm
---
Lazy mode:
位* 位a a

Strict mode:
位* 位a a
