---
source: tests/golden_tests.rs
input_file: tests/golden_tests/run_single_files/def_num_bool.hvm
---
Non-exhaustive pattern at definition 'go'. Number pattern '+' not covered at position 0.
