---
source: tests/golden_tests.rs
input_file: tests/golden_tests/run_file/box.bend
---
Î»a (a Î»b (b 10))
