---
source: tests/golden_tests.rs
input_file: tests/golden_tests/run_file/match_mult_linearization.hvm
---
Warnings:
During readback:
  Invalid Numeric Match.

λa switch a = a { 0: λa λb λc (+ (+ a b) c); _: λa λb λc λd (+ (+ (+ a b) c) d); }
