---
source: tests/golden_tests.rs
input_file: tests/golden_tests/run_file/list_take.bend
---
位a 位* (a 3 位b 位* (b 2 List/Nil))
