---
source: tests/golden_tests.rs
input_file: tests/golden_tests/run_file/tup_reconstruction.bend
---
Î»a a
